amirtest@Amirs-MacBook-Air CI-CD % mkdir my-repo
amirtest@Amirs-MacBook-Air CI-CD % cd my-repo 
amirtest@Amirs-MacBook-Air my-repo % git init
hint: Using 'master' as the name for the initial branch. This default branch name
hint: is subject to change. To configure the initial branch name to use in all
hint: of your new repositories, which will suppress this warning, call:
hint:
hint:   git config --global init.defaultBranch <name>
hint:
hint: Names commonly chosen instead of 'master' are 'main', 'trunk' and
hint: 'development'. The just-created branch can be renamed via this command:
hint:
hint:   git branch -m <name>
hint:
hint: Disable this message with "git config set advice.defaultBranchName false"
Initialized empty Git repository in /Users/amirtest/Documents/CI-CD/my-repo/.git/
amirtest@Amirs-MacBook-Air my-repo % touch README.md
amirtest@Amirs-MacBook-Air my-repo % ls -l
total 0
-rw-r--r--  1 amirtest  staff  0 Mar  5 21:19 README.md
amirtest@Amirs-MacBook-Air my-repo % git status
On branch master

No commits yet

Untracked files:
  (use "git add <file>..." to include in what will be committed)
        README.md

nothing added to commit but untracked files present (use "git add" to track)
amirtest@Amirs-MacBook-Air my-repo % git add README.md 
amirtest@Amirs-MacBook-Air my-repo % git status -s
A  README.md
amirtest@Amirs-MacBook-Air my-repo % git commit -m "Initial commit" 
[master (root-commit) 5048eeb] Initial commit
 1 file changed, 0 insertions(+), 0 deletions(-)
 create mode 100644 README.md
amirtest@Amirs-MacBook-Air my-repo % git log --oneline
5048eeb (HEAD -> master) Initial commit